Using pre-set license
Built from '6000.0/staging' branch; Version is '6000.0.58f1 (44b8bf3a3225) revision 4503743'; Using compiler version '193933523'; Build Type 'Release'
OS: 'Windows 11  (10.0.26200) 64bit Core' Language: 'en' Physical Memory: 40589 MB
BatchMode: 1, IsHumanControllingUs: 0, StartBugReporterOnCrash: 0, Is64bit: 1
Date: 2026-06-12T10:24:31Z

COMMAND LINE ARGUMENTS:
C:\Program Files\Unity\Hub\Editor\6000.0.58f1\Editor\Unity.exe
-adb2
-batchMode
-noUpm
-name
AssetImportWorker1
-projectPath
C:/Users/HAMZA/DreadHaven_Campaign
-logFile
Logs/AssetImportWorker1.log
-srvPort
23034
-job-worker-count
11
-background-job-worker-count
8
-gc-helper-count
1
-name
AssetImport
Successfully changed project path to: C:/Users/HAMZA/DreadHaven_Campaign
C:/Users/HAMZA/DreadHaven_Campaign
[UnityMemory] Configuration Parameters - Can be set up in boot.config
    "memorysetup-bucket-allocator-granularity=16"
    "memorysetup-bucket-allocator-bucket-count=8"
    "memorysetup-bucket-allocator-block-size=33554432"
    "memorysetup-bucket-allocator-block-count=8"
    "memorysetup-main-allocator-block-size=16777216"
    "memorysetup-thread-allocator-block-size=16777216"
    "memorysetup-gfx-main-allocator-block-size=16777216"
    "memorysetup-gfx-thread-allocator-block-size=16777216"
    "memorysetup-cache-allocator-block-size=4194304"
    "memorysetup-typetree-allocator-block-size=2097152"
    "memorysetup-profiler-bucket-allocator-granularity=16"
    "memorysetup-profiler-bucket-allocator-bucket-count=8"
    "memorysetup-profiler-bucket-allocator-block-size=33554432"
    "memorysetup-profiler-bucket-allocator-block-count=8"
    "memorysetup-profiler-allocator-block-size=16777216"
    "memorysetup-profiler-editor-allocator-block-size=1048576"
    "memorysetup-temp-allocator-size-main=16777216"
    "memorysetup-job-temp-allocator-block-size=2097152"
    "memorysetup-job-temp-allocator-block-size-background=1048576"
    "memorysetup-job-temp-allocator-reduction-small-platforms=262144"
    "memorysetup-allocator-temp-initial-block-size-main=262144"
    "memorysetup-allocator-temp-initial-block-size-worker=262144"
    "memorysetup-temp-allocator-size-background-worker=32768"
    "memorysetup-temp-allocator-size-job-worker=262144"
    "memorysetup-temp-allocator-size-preload-manager=33554432"
    "memorysetup-temp-allocator-size-nav-mesh-worker=65536"
    "memorysetup-temp-allocator-size-audio-worker=65536"
    "memorysetup-temp-allocator-size-cloud-worker=32768"
    "memorysetup-temp-allocator-size-gi-baking-worker=262144"
    "memorysetup-temp-allocator-size-gi-baking-worker=262144"
    "memorysetup-temp-allocator-size-gi-baking-worker=262144"
    "memorysetup-temp-allocator-size-gi-baking-worker=262144"
    "memorysetup-temp-allocator-size-gi-baking-worker=262144"
    "memorysetup-temp-allocator-size-gfx=262144"
Player connection [30464]  Target information:

Player connection [30464]  * "[IP] 192.168.0.101 [Port] 0 [Flags] 2 [Guid] 3923555294 [EditorId] 3923555294 [Version] 1048832 [Id] WindowsEditor(7,LAPTOP-588L093B) [Debug] 1 [PackageName] WindowsEditor [ProjectName] Editor" 

Player connection [30464] Host joined multi-casting on [225.0.0.222:54997]...
Player connection [30464] Host joined alternative multi-casting on [225.0.0.222:34997]...
JobSystem: Creating JobQueue using job-worker-count value 11
Input System module state changed to: Initialized.
[Physics::Module] Initialized fallback backend.
[Physics::Module] Id: 0xdecafbad
Library Redirect Path: Library/
[Physics::Module] Selected backend.
[Physics::Module] Name: PhysX
[Physics::Module] Id: 0xf2b8ea05
[Physics::Module] SDK Version: 4.1.2
[Physics::Module] Integration Version: 1.0.0
[Physics::Module] Threading Mode: Multi-Threaded
Refreshing native plugins compatible for Editor in 156.20 ms, found 4 plugins.
Preloading 0 native plugins for Editor in 0.00 ms.
Initialize engine version: 6000.0.58f1 (44b8bf3a3225)
[Subsystems] Discovering subsystems at path C:/Program Files/Unity/Hub/Editor/6000.0.58f1/Editor/Data/Resources/UnitySubsystems
[Subsystems] Discovering subsystems at path C:/Users/HAMZA/DreadHaven_Campaign/Assets
GfxDevice: creating device client; kGfxThreadingModeNonThreaded
Direct3D:
    Version:  Direct3D 11.0 [level 11.1]
    Renderer: NVIDIA GeForce RTX 5060 Laptop GPU (ID=0x2d59)
    Vendor:   NVIDIA
    VRAM:     7899 MB
    Driver:   32.0.16.1047
Initialize mono
Mono path[0] = 'C:/Program Files/Unity/Hub/Editor/6000.0.58f1/Editor/Data/Managed'
Mono path[1] = 'C:/Program Files/Unity/Hub/Editor/6000.0.58f1/Editor/Data/MonoBleedingEdge/lib/mono/unityjit-win32'
Mono config path = 'C:/Program Files/Unity/Hub/Editor/6000.0.58f1/Editor/Data/MonoBleedingEdge/etc'
Using monoOptions --debugger-agent=transport=dt_socket,embedding=1,server=y,suspend=n,address=127.0.0.1:56412
Begin MonoManager ReloadAssembly
Registering precompiled unity dll's ...
Register platform support module: C:/Program Files/Unity/Hub/Editor/6000.0.58f1/Editor/Data/PlaybackEngines/WindowsStandaloneSupport/UnityEditor.WindowsStandalone.Extensions.dll
Registered in 0.106469 seconds.
- Loaded All Assemblies, in 19.295 seconds
Native extension for WindowsStandalone target not found
Mono: successfully reloaded assembly
- Finished resetting the current domain, in  0.273 seconds
Domain Reload Profiling: 19567ms
	BeginReloadAssembly (16418ms)
		ExecutionOrderSort (0ms)
		DisableScriptedObjects (0ms)
		BackupInstance (0ms)
		ReleaseScriptingObjects (0ms)
		CreateAndSetChildDomain (1ms)
	RebuildCommonClasses (627ms)
	RebuildNativeTypeToScriptingClass (8ms)
	initialDomainReloadingComplete (138ms)
	LoadAllAssembliesAndSetupDomain (2102ms)
		LoadAssemblies (16416ms)
		RebuildTransferFunctionScriptingTraits (0ms)
		AnalyzeDomain (2100ms)
			TypeCache.Refresh (2099ms)
				TypeCache.ScanAssembly (1494ms)
			BuildScriptInfoCaches (0ms)
			ResolveRequiredComponents (0ms)
	FinalizeReload (274ms)
		ReleaseScriptCaches (0ms)
		RebuildScriptCaches (0ms)
		SetupLoadedEditorAssemblies (240ms)
			LogAssemblyErrors (0ms)
			InitializePlatformSupportModulesInManaged (17ms)
			SetLoadedEditorAssemblies (3ms)
			BeforeProcessingInitializeOnLoad (40ms)
			ProcessInitializeOnLoadAttributes (131ms)
			ProcessInitializeOnLoadMethodAttributes (48ms)
			AfterProcessingInitializeOnLoad (0ms)
			EditorAssembliesLoaded (0ms)
		ExecutionOrderSort2 (0ms)
		AwakeInstancesAfterBackupRestoration (0ms)
========================================================================
Worker process is ready to serve import requests
Import Worker Mode flag is 0x00
Begin MonoManager ReloadAssembly
- Loaded All Assemblies, in 17.602 seconds
Refreshing native plugins compatible for Editor in 1.16 ms, found 4 plugins.
Native extension for WindowsStandalone target not found
Refreshing native plugins compatible for Editor in 1.32 ms, found 4 plugins.
Package Manager log level set to [2]
[Package Manager] Failed to launch server process. Reason: Unity was launched with the -noUpm command-line argument
[Package Manager] Unable to send message (not connected to server process).
[Package Manager] Cannot connect to Unity Package Manager local server
Mono: successfully reloaded assembly
- Finished resetting the current domain, in  1.086 seconds
Domain Reload Profiling: 18685ms
	BeginReloadAssembly (128ms)
		ExecutionOrderSort (0ms)
		DisableScriptedObjects (4ms)
		BackupInstance (0ms)
		ReleaseScriptingObjects (0ms)
		CreateAndSetChildDomain (22ms)
	RebuildCommonClasses (25ms)
	RebuildNativeTypeToScriptingClass (8ms)
	initialDomainReloadingComplete (29ms)
	LoadAllAssembliesAndSetupDomain (17408ms)
		LoadAssemblies (16855ms)
		RebuildTransferFunctionScriptingTraits (0ms)
		AnalyzeDomain (626ms)
			TypeCache.Refresh (579ms)
				TypeCache.ScanAssembly (567ms)
			BuildScriptInfoCaches (36ms)
			ResolveRequiredComponents (7ms)
	FinalizeReload (1086ms)
		ReleaseScriptCaches (0ms)
		RebuildScriptCaches (0ms)
		SetupLoadedEditorAssemblies (406ms)
			LogAssemblyErrors (0ms)
			InitializePlatformSupportModulesInManaged (2ms)
			SetLoadedEditorAssemblies (3ms)
			BeforeProcessingInitializeOnLoad (80ms)
			ProcessInitializeOnLoadAttributes (284ms)
			ProcessInitializeOnLoadMethodAttributes (33ms)
			AfterProcessingInitializeOnLoad (3ms)
			EditorAssembliesLoaded (0ms)
		ExecutionOrderSort2 (0ms)
		AwakeInstancesAfterBackupRestoration (4ms)
Launched and connected shader compiler UnityShaderCompiler.exe after 0.08 seconds
Refreshing native plugins compatible for Editor in 1.43 ms, found 4 plugins.
Preloading 0 native plugins for Editor in 0.00 ms.
Unloading 31 Unused Serialized files (Serialized files now loaded: 0)
Unloading 6383 unused Assets / (6.0 MB). Loaded Objects now: 7029.
Memory consumption went from 139.6 MB to 133.6 MB.
Total: 6.638700 ms (FindLiveObjects: 0.419000 ms CreateObjectMapping: 0.254600 ms MarkObjects: 3.260400 ms  DeleteObjects: 2.704100 ms)

========================================================================
Received Import Request.
  Time since last request: 103961.130713 seconds.
  path: Assets/Materials
  artifactKey: Guid(cd9d311696d6607458c325fab42bb58e) Importer(815301076,1909f56bfc062723c751e8b465ee728b)
Start importing Assets/Materials using Guid(cd9d311696d6607458c325fab42bb58e) Importer(815301076,1909f56bfc062723c751e8b465ee728b) (PreviewImporter) -> (artifact id: '7f6d2ce0876d1be481888e77eb70b9ad') in 0.0028342 seconds
Number of updated asset objects reloaded before import = 0Number of asset objects unloaded after import = 0

========================================================================
Received Import Request.
  Time since last request: 3489.103091 seconds.
  path: Assets/Maps/BrokenCliffs/Meshy_AI_Citadel_of_the_Lava_B_0531175748_texture.png
  artifactKey: Guid(03ff3f8834a0cfd4ebba6f502a3db54d) Importer(815301076,1909f56bfc062723c751e8b465ee728b)
Start importing Assets/Maps/BrokenCliffs/Meshy_AI_Citadel_of_the_Lava_B_0531175748_texture.png using Guid(03ff3f8834a0cfd4ebba6f502a3db54d) Importer(815301076,1909f56bfc062723c751e8b465ee728b) (PreviewImporter) -> (artifact id: '32a367f3ccc619680795b37e46ddde3f') in 0.1018776 seconds
Number of updated asset objects reloaded before import = 0Number of asset objects unloaded after import = 2

========================================================================
Received Import Request.
  Time since last request: 0.000028 seconds.
  path: Assets/Maps/BrokenCliffs/Meshy_AI_Citadel_of_the_Lava_B_0531175748_texture_emission.png
  artifactKey: Guid(9a4a071854d75004195d227d56ea17f4) Importer(815301076,1909f56bfc062723c751e8b465ee728b)
Start importing Assets/Maps/BrokenCliffs/Meshy_AI_Citadel_of_the_Lava_B_0531175748_texture_emission.png using Guid(9a4a071854d75004195d227d56ea17f4) Importer(815301076,1909f56bfc062723c751e8b465ee728b) (PreviewImporter) -> (artifact id: '64d87fca4d46279a53b74ed29ed2133a') in 0.013346 seconds
Number of updated asset objects reloaded before import = 0Number of asset objects unloaded after import = 2

========================================================================
Received Import Request.
  Time since last request: 0.000021 seconds.
  path: Assets/Maps/BrokenCliffs/Meshy_AI_Citadel_of_the_Lava_B_0531175748_texture_roughness.png
  artifactKey: Guid(7f6cf954160568b4382aae9d44b46bcb) Importer(815301076,1909f56bfc062723c751e8b465ee728b)
Start importing Assets/Maps/BrokenCliffs/Meshy_AI_Citadel_of_the_Lava_B_0531175748_texture_roughness.png using Guid(7f6cf954160568b4382aae9d44b46bcb) Importer(815301076,1909f56bfc062723c751e8b465ee728b) (PreviewImporter) -> (artifact id: '6a767b40000a1505a3f40938cb046369') in 0.0239634 seconds
Number of updated asset objects reloaded before import = 0Number of asset objects unloaded after import = 2

========================================================================
Received Import Request.
  Time since last request: 0.000019 seconds.
  path: Assets/Maps/BrokenCliffs/Meshy_AI_Citadel_of_the_Lava_B_0531175748_texture_metallic.png
  artifactKey: Guid(cd7eac9c9da178c4e9020fe541b74df4) Importer(815301076,1909f56bfc062723c751e8b465ee728b)
Start importing Assets/Maps/BrokenCliffs/Meshy_AI_Citadel_of_the_Lava_B_0531175748_texture_metallic.png using Guid(cd7eac9c9da178c4e9020fe541b74df4) Importer(815301076,1909f56bfc062723c751e8b465ee728b) (PreviewImporter) -> (artifact id: 'b63e33511314691e1be19070a398d8b6') in 0.0194647 seconds
Number of updated asset objects reloaded before import = 0Number of asset objects unloaded after import = 2

========================================================================
Received Import Request.
  Time since last request: 0.000017 seconds.
  path: Assets/Maps/BrokenCliffs/Meshy_AI_Citadel_of_the_Lava_B_0531175748_texture_normal.png
  artifactKey: Guid(ae6f3e0b5a6d32148a166762d12e4712) Importer(815301076,1909f56bfc062723c751e8b465ee728b)
Start importing Assets/Maps/BrokenCliffs/Meshy_AI_Citadel_of_the_Lava_B_0531175748_texture_normal.png using Guid(ae6f3e0b5a6d32148a166762d12e4712) Importer(815301076,1909f56bfc062723c751e8b465ee728b) (PreviewImporter) -> (artifact id: 'd30581c2928a0e87b07f0b593fb3c57b') in 0.01126 seconds
Number of updated asset objects reloaded before import = 0Number of asset objects unloaded after import = 2

========================================================================
Received Import Request.
  Time since last request: 24.356501 seconds.
  path: Assets/Maps/EasternDocks/Meshy_AI_Harbor_of_Timber_and__0531171106_texture_emission.png
  artifactKey: Guid(726318c76a8883c40afbd53af9b76d73) Importer(815301076,1909f56bfc062723c751e8b465ee728b)
Start importing Assets/Maps/EasternDocks/Meshy_AI_Harbor_of_Timber_and__0531171106_texture_emission.png using Guid(726318c76a8883c40afbd53af9b76d73) Importer(815301076,1909f56bfc062723c751e8b465ee728b) (PreviewImporter) -> (artifact id: '124282ae4cf750582c9854f3aa7ccddd') in 0.0131023 seconds
Number of updated asset objects reloaded before import = 0Number of asset objects unloaded after import = 2

========================================================================
Received Import Request.
  Time since last request: 0.000016 seconds.
  path: Assets/Maps/EasternDocks/Meshy_AI_Harbor_of_Timber_and__0531171106_texture_metallic.png
  artifactKey: Guid(e295bb5e1c66b1c4e98cf6ade9b07b03) Importer(815301076,1909f56bfc062723c751e8b465ee728b)
Start importing Assets/Maps/EasternDocks/Meshy_AI_Harbor_of_Timber_and__0531171106_texture_metallic.png using Guid(e295bb5e1c66b1c4e98cf6ade9b07b03) Importer(815301076,1909f56bfc062723c751e8b465ee728b) (PreviewImporter) -> (artifact id: '611581e4efa18f248691fa1fafc062af') in 0.0327437 seconds
Number of updated asset objects reloaded before import = 0Number of asset objects unloaded after import = 2

========================================================================
Received Import Request.
  Time since last request: 0.000012 seconds.
  path: Assets/Maps/EasternDocks/Meshy_AI_Harbor_of_Timber_and__0531171106_texture_roughness.png
  artifactKey: Guid(7b100033de170994b99f21ea4ddc9228) Importer(815301076,1909f56bfc062723c751e8b465ee728b)
Start importing Assets/Maps/EasternDocks/Meshy_AI_Harbor_of_Timber_and__0531171106_texture_roughness.png using Guid(7b100033de170994b99f21ea4ddc9228) Importer(815301076,1909f56bfc062723c751e8b465ee728b) (PreviewImporter) -> (artifact id: 'c4a92c114befe4919b5dca64c1ce2feb') in 0.0136148 seconds
Number of updated asset objects reloaded before import = 0Number of asset objects unloaded after import = 2

========================================================================
Received Import Request.
  Time since last request: 40.033960 seconds.
  path: Assets/Maps/NorthWall/Meshy_AI_Cliffside_Citadel_0531170732_texture_emission.png
  artifactKey: Guid(dd97763a193e3dc418e62735fb00f240) Importer(815301076,1909f56bfc062723c751e8b465ee728b)
Start importing Assets/Maps/NorthWall/Meshy_AI_Cliffside_Citadel_0531170732_texture_emission.png using Guid(dd97763a193e3dc418e62735fb00f240) Importer(815301076,1909f56bfc062723c751e8b465ee728b) (PreviewImporter) -> (artifact id: '3f2f54ee8c8efb2074590cb4183d8301') in 0.0104708 seconds
Number of updated asset objects reloaded before import = 0Number of asset objects unloaded after import = 2

========================================================================
Received Import Request.
  Time since last request: 0.000016 seconds.
  path: Assets/Maps/NorthWall/Meshy_AI_Cliffside_Citadel_0531170732_texture_metallic.png
  artifactKey: Guid(a2da78241e9a572409f34515e6f0b8bb) Importer(815301076,1909f56bfc062723c751e8b465ee728b)
Start importing Assets/Maps/NorthWall/Meshy_AI_Cliffside_Citadel_0531170732_texture_metallic.png using Guid(a2da78241e9a572409f34515e6f0b8bb) Importer(815301076,1909f56bfc062723c751e8b465ee728b) (PreviewImporter) -> (artifact id: '3159f92e4a7f4f9705c4a4e0d77fae52') in 0.0235625 seconds
Number of updated asset objects reloaded before import = 0Number of asset objects unloaded after import = 2

========================================================================
Received Import Request.
  Time since last request: 0.000012 seconds.
  path: Assets/Maps/NorthWall/Meshy_AI_Cliffside_Citadel_0531170732_texture_roughness.png
  artifactKey: Guid(f5b382957f5016846aec31c416c15dd7) Importer(815301076,1909f56bfc062723c751e8b465ee728b)
Start importing Assets/Maps/NorthWall/Meshy_AI_Cliffside_Citadel_0531170732_texture_roughness.png using Guid(f5b382957f5016846aec31c416c15dd7) Importer(815301076,1909f56bfc062723c751e8b465ee728b) (PreviewImporter) -> (artifact id: '89b32e8b0e5a4035d37870098a401248') in 0.0141202 seconds
Number of updated asset objects reloaded before import = 0Number of asset objects unloaded after import = 2

Editor requested this worker to shutdown with reason: Scaling down because of idle timeout
AssetImportWorker is now disconnected from the server
Process exiting
Exiting without the bug reporter. Application will terminate with return code 0